// Vitest Snapshot v1

exports[`Mount component 1`] = `"<!--v-if-->"`;
